// Jest Snapshot v1, https://goo.gl/fbAQLP

exports[`React loong Provider should render the component correctly 1`] = `
<div>
  test
</div>
`;
